Archive member included because of file (symbol)

C:\Users\Ross\Dropbox\SEIS740\FreeRTOSDemo\CMSISv1p30_LPC11xx\Debug\libCMSISv1p30_LPC11xx.a(core_cm0.o)
                              ./freertos/src/croutine.o (__set_PRIMASK)
C:\Users\Ross\Dropbox\SEIS740\FreeRTOSDemo\CMSISv1p30_LPC11xx\Debug\libCMSISv1p30_LPC11xx.a(system_LPC11xx.o)
                              ./freertos/port/lpcxpresso/m0/port.o (SystemCoreClock)
C:\Users\Ross\Dropbox\SEIS740\FreeRTOSDemo\lib_small_printf_m0\Lib\liblib_small_printf_m0.a(small_printf_nofloat.o)
                              ./src/debug.o (printf_format_nofloat)
C:\Users\Ross\Dropbox\SEIS740\FreeRTOSDemo\lib_small_printf_m0\Lib\liblib_small_printf_m0.a(small_printf_support.o)
                              C:\Users\Ross\Dropbox\SEIS740\FreeRTOSDemo\lib_small_printf_m0\Lib\liblib_small_printf_m0.a(small_printf_nofloat.o) (prints)
C:\Users\Ross\Dropbox\SEIS740\FreeRTOSDemo\lib_small_printf_m0\Lib\liblib_small_printf_m0.a(small_utils.o)
                              ./src/debug.o (small_strlen)
c:/nxp/lpcxpresso_4.1.5_219/lpcxpresso/tools/bin/../lib/gcc/arm-none-eabi/4.5.1/../../../../arm-none-eabi/lib/armv6-m\libcr_semihost.a(__sys_write.o)
                              ./src/debug.o (__write)
c:/nxp/lpcxpresso_4.1.5_219/lpcxpresso/tools/bin/../lib/gcc/arm-none-eabi/4.5.1/../../../../arm-none-eabi/lib/armv6-m\libcr_semihost.a(_cr__main.o)
                              ./src/cr_startup_lpc11.o (__main)
c:/nxp/lpcxpresso_4.1.5_219/lpcxpresso/tools/bin/../lib/gcc/arm-none-eabi/4.5.1/../../../../arm-none-eabi/lib/armv6-m\libcr_c.a(initio.o)
                              c:/nxp/lpcxpresso_4.1.5_219/lpcxpresso/tools/bin/../lib/gcc/arm-none-eabi/4.5.1/../../../../arm-none-eabi/lib/armv6-m\libcr_semihost.a(_cr__main.o) (_initio)
c:/nxp/lpcxpresso_4.1.5_219/lpcxpresso/tools/bin/../lib/gcc/arm-none-eabi/4.5.1/../../../../arm-none-eabi/lib/armv6-m\libcr_c.a(memcmp.o)
                              ./freertos/src/tasks.o (memcmp)
c:/nxp/lpcxpresso_4.1.5_219/lpcxpresso/tools/bin/../lib/gcc/arm-none-eabi/4.5.1/../../../../arm-none-eabi/lib/armv6-m\libcr_c.a(setvbuf.o)
                              c:/nxp/lpcxpresso_4.1.5_219/lpcxpresso/tools/bin/../lib/gcc/arm-none-eabi/4.5.1/../../../../arm-none-eabi/lib/armv6-m\libcr_c.a(initio.o) (setvbuf)
c:/nxp/lpcxpresso_4.1.5_219/lpcxpresso/tools/bin/../lib/gcc/arm-none-eabi/4.5.1/../../../../arm-none-eabi/lib/armv6-m\libcr_c.a(stdio.o)
                              c:/nxp/lpcxpresso_4.1.5_219/lpcxpresso/tools/bin/../lib/gcc/arm-none-eabi/4.5.1/../../../../arm-none-eabi/lib/armv6-m\libcr_c.a(initio.o) (__Ciob)
c:/nxp/lpcxpresso_4.1.5_219/lpcxpresso/tools/bin/../lib/gcc/arm-none-eabi/4.5.1/../../../../arm-none-eabi/lib/armv6-m\libcr_c.a(strncpy.o)
                              ./freertos/src/tasks.o (strncpy)
c:/nxp/lpcxpresso_4.1.5_219/lpcxpresso/tools/bin/../lib/gcc/arm-none-eabi/4.5.1/../../../../arm-none-eabi/lib/armv6-m\libcr_c.a(memcpy.o)
                              ./freertos/src/queue.o (memcpy)
c:/nxp/lpcxpresso_4.1.5_219/lpcxpresso/tools/bin/../lib/gcc/arm-none-eabi/4.5.1/../../../../arm-none-eabi/lib/armv6-m\libcr_c.a(memset.o)
                              ./freertos/src/tasks.o (memset)
c:/nxp/lpcxpresso_4.1.5_219/lpcxpresso/tools/bin/../lib/gcc/arm-none-eabi/4.5.1/../../../../arm-none-eabi/lib/armv6-m\libcr_c.a(__fillbuf.o)
                              c:/nxp/lpcxpresso_4.1.5_219/lpcxpresso/tools/bin/../lib/gcc/arm-none-eabi/4.5.1/../../../../arm-none-eabi/lib/armv6-m\libcr_c.a(stdio.o) (__filbuf)
c:/nxp/lpcxpresso_4.1.5_219/lpcxpresso/tools/bin/../lib/gcc/arm-none-eabi/4.5.1/../../../../arm-none-eabi/lib/armv6-m\libcr_c.a(_deferredlazyseek.o)
                              c:/nxp/lpcxpresso_4.1.5_219/lpcxpresso/tools/bin/../lib/gcc/arm-none-eabi/4.5.1/../../../../arm-none-eabi/lib/armv6-m\libcr_c.a(__fillbuf.o) (_deferredlazyseek)
c:/nxp/lpcxpresso_4.1.5_219/lpcxpresso/tools/bin/../lib/gcc/arm-none-eabi/4.5.1/../../../../arm-none-eabi/lib/armv6-m\libcr_c.a(_fdopen.o)
                              c:/nxp/lpcxpresso_4.1.5_219/lpcxpresso/tools/bin/../lib/gcc/arm-none-eabi/4.5.1/../../../../arm-none-eabi/lib/armv6-m\libcr_c.a(initio.o) (_fdopen)
c:/nxp/lpcxpresso_4.1.5_219/lpcxpresso/tools/bin/../lib/gcc/arm-none-eabi/4.5.1/../../../../arm-none-eabi/lib/armv6-m\libcr_c.a(_fflush.o)
                              c:/nxp/lpcxpresso_4.1.5_219/lpcxpresso/tools/bin/../lib/gcc/arm-none-eabi/4.5.1/../../../../arm-none-eabi/lib/armv6-m\libcr_c.a(__fillbuf.o) (_fflush)
c:/nxp/lpcxpresso_4.1.5_219/lpcxpresso/tools/bin/../lib/gcc/arm-none-eabi/4.5.1/../../../../arm-none-eabi/lib/armv6-m\libcr_c.a(_writebuf.o)
                              c:/nxp/lpcxpresso_4.1.5_219/lpcxpresso/tools/bin/../lib/gcc/arm-none-eabi/4.5.1/../../../../arm-none-eabi/lib/armv6-m\libcr_c.a(_deferredlazyseek.o) (_Cwritebuf)
c:/nxp/lpcxpresso_4.1.5_219/lpcxpresso/tools/bin/../lib/gcc/arm-none-eabi/4.5.1/../../../../arm-none-eabi/lib/armv6-m\libcr_c.a(alloc.o)
[...]
Memory Configuration

Name             Origin             Length             Attributes
MFlash32         0x00000000         0x00008000         xr
RamLoc8          0x10000000         0x00002000         xrw
*default*        0x00000000         0xffffffff

Linker script and memory map

LOAD ./src/cr_startup_lpc11.o
LOAD ./src/debug.o
LOAD ./src/joystick.o
LOAD ./src/lcd.o
LOAD ./src/main.o
LOAD ./freertos/src/croutine.o
LOAD ./freertos/src/list.o
LOAD ./freertos/src/queue.o
LOAD ./freertos/src/tasks.o
LOAD ./freertos/port/memmang/heap_2.o
LOAD ./freertos/port/lpcxpresso/m0/port.o
LOAD C:\Users\Ross\Dropbox\SEIS740\FreeRTOSDemo\CMSISv1p30_LPC11xx\Debug\libCMSISv1p30_LPC11xx.a
LOAD C:\Users\Ross\Dropbox\SEIS740\FreeRTOSDemo\lib_small_printf_m0\Lib\liblib_small_printf_m0.a
START GROUP
LOAD c:/nxp/lpcxpresso_4.1.5_219/lpcxpresso/tools/bin/../lib/gcc/arm-none-eabi/4.5.1/../../../../arm-none-eabi/lib/armv6-m\libcr_semihost.a
LOAD c:/nxp/lpcxpresso_4.1.5_219/lpcxpresso/tools/bin/../lib/gcc/arm-none-eabi/4.5.1/../../../../arm-none-eabi/lib/armv6-m\libcr_c.a
LOAD c:/nxp/lpcxpresso_4.1.5_219/lpcxpresso/tools/bin/../lib/gcc/arm-none-eabi/4.5.1/armv6-m\libcr_eabihelpers.a
END GROUP
                0x00008000                __top_MFlash32 = 0x8000
                0x10002000                __top_RamLoc8 = 0x10002000

.text           0x00000000     0x22cc
 FILL mask 0xff
 *(.isr_vector)
 .isr_vector    0x00000000       0xc0 ./src/cr_startup_lpc11.o
                0x00000000                g_pfnVectors
                0x000000c0                . = ALIGN (0x4)
                0x000000c0                __section_table_start = .
                0x000000c0                __data_section_table = .
                0x000000c0        0x4 LONG 0x22cc LOADADDR (.data)
                0x000000c4        0x4 LONG 0x10000000 ADDR (.data)
                0x000000c8        0x4 LONG 0x8 SIZEOF (.data)
                0x000000cc                __data_section_table_end = .
                0x000000cc                __bss_section_table = .
                0x000000cc        0x4 LONG 0x10000008 ADDR (.bss)
                0x000000d0        0x4 LONG 0xc20 SIZEOF (.bss)
                0x000000d4                __bss_section_table_end = .
                0x000000d4                __section_table_end = .
 *(.after_vectors*)
 *(.text*)
 .text.NMI_Handler
                0x000000d4        0x4 ./src/cr_startup_lpc11.o
                0x000000d4                NMI_Handler
 .text.HardFault_Handler
                0x000000d8        0x4 ./src/cr_startup_lpc11.o
                0x000000d8                HardFault_Handler
 .text.ResetISR
                0x000000dc       0x44 ./src/cr_startup_lpc11.o
                0x000000dc                ResetISR
 .text.IntDefaultHandler
                0x00000120        0x4 ./src/cr_startup_lpc11.o
                0x00000120                TIMER16_0_IRQHandler
                0x00000120                UART_IRQHandler
                0x00000120                TIMER32_0_IRQHandler
                0x00000120                TIMER32_1_IRQHandler
                0x00000120                IntDefaultHandler
                0x00000120                PIOINT1_IRQHandler
                0x00000120                CAN_IRQHandler
                0x00000120                SSP0_IRQHandler
                0x00000120                TIMER16_1_IRQHandler
                0x00000120                ADC_IRQHandler
                0x00000120                SSP1_IRQHandler
                0x00000120                PIOINT2_IRQHandler
                0x00000120                BOD_IRQHandler
                0x00000120                WAKEUP_IRQHandler
                0x00000120                I2C_IRQHandler
                0x00000120                WDT_IRQHandler
                0x00000120                PIOINT3_IRQHandler
 .text._debug_printf_flush
                0x00000124       0x50 ./src/debug.o
                0x00000124                _debug_printf_flush
                0x00000124                __CR_SEMIHOST
 .text._debug_putchar
                0x00000174       0x48 ./src/debug.o
                0x00000174                _debug_putchar
 .text._debug_puts
                0x000001bc       0x1a ./src/debug.o
                0x000001bc                _debug_puts
 *fill*         0x000001d6        0x2 00
 .text.delay    0x000001d8       0x3c ./src/lcd.o
                0x000001d8                delay
 .text.wait_lcd
                0x00000214       0x98 ./src/lcd.o
                0x00000214                wait_lcd
 .text.lcd_command_write
                0x000002ac      0x130 ./src/lcd.o
                0x000002ac                lcd_command_write
 .text.set_lcd_port_output
                0x000003dc       0x54 ./src/lcd.o
                0x000003dc                set_lcd_port_output
 .text.lcd_clear
                0x00000430       0x10 ./src/lcd.o
                0x00000430                lcd_clear
 .text.lcd_gotoxy
                0x00000440       0x58 ./src/lcd.o
                0x00000440                lcd_gotoxy
 .text.lcd_data_write
                0x00000498      0x118 ./src/lcd.o
                0x00000498                lcd_data_write
 .text.lcd_putchar
                0x000005b0       0x18 ./src/lcd.o
                0x000005b0                lcd_putchar
 .text.lcd_putstring
                0x000005c8       0x60 ./src/lcd.o
                0x000005c8                lcd_putstring
 .text.init_lcd
                0x00000628       0x30 ./src/lcd.o
                0x00000628                init_lcd
 .text.__NOP    0x00000658        0xc ./src/main.o
 .text.__WFI    0x00000664        0xc ./src/main.o
 .text.NVIC_EnableIRQ
                0x00000670       0x2c ./src/main.o
 .text.NVIC_SetPriority
                0x0000069c       0xe0 ./src/main.o
 .text.vApplicationStackOverflowHook
                0x0000077c       0x24 ./src/main.o
                0x0000077c                vApplicationStackOverflowHook
 .text.vTaskLEDBlinker1
                0x000007a0       0x58 ./src/main.o
                0x000007a0                vTaskLEDBlinker1
 .text.vTaskDebuggerHeartbeat
                0x000007f8       0x24 ./src/main.o
                0x000007f8                vTaskDebuggerHeartbeat
 .text.vTaskLcdDisplay
                0x0000081c       0x7c ./src/main.o
                0x0000081c                vTaskLcdDisplay
 .text.vApplicationIdleHook
                0x00000898        0xc ./src/main.o
                0x00000898                vApplicationIdleHook
 .text.PIOINT0_IRQHandler
                0x000008a4       0x50 ./src/main.o
                0x000008a4                PIOINT0_IRQHandler
 .text.main     0x000008f4      0x154 ./src/main.o
                0x000008f4                main
 .text.vListInitialise
                0x00000a48       0x16 ./freertos/src/list.o
                0x00000a48                vListInitialise
 .text.vListInitialiseItem
                0x00000a5e        0x6 ./freertos/src/list.o
                0x00000a5e                vListInitialiseItem
 .text.vListInsertEnd
                0x00000a64       0x1a ./freertos/src/list.o
                0x00000a64                vListInsertEnd
 .text.vListInsert
                0x00000a7e       0x2e ./freertos/src/list.o
                0x00000a7e                vListInsert
 .text.vListRemove
                0x00000aac       0x22 ./freertos/src/list.o
                0x00000aac                vListRemove
 .text.prvCopyDataFromQueue
                0x00000ace       0x24 ./freertos/src/queue.o
 .text.prvCopyDataToQueue
                0x00000af2       0x4e ./freertos/src/queue.o
 .text.prvUnlockQueue
                0x00000b40       0x6a ./freertos/src/queue.o
 .text.xQueueCreate
                0x00000baa       0x68 ./freertos/src/queue.o
                0x00000baa                xQueueCreate
 .text.xQueueGenericSend
                0x00000c12       0xd8 ./freertos/src/queue.o
                0x00000c12                xQueueGenericSend
 .text.xQueueGenericSendFromISR
                0x00000cea       0x52 ./freertos/src/queue.o
                0x00000cea                xQueueGenericSendFromISR
 .text.xQueueGenericReceive
                0x00000d3c       0xf6 ./freertos/src/queue.o
                0x00000d3c                xQueueGenericReceive
 *fill*         0x00000e32        0x2 00
 .text.xTaskCreate
                0x00000e34      0x188 ./freertos/src/tasks.o
                0x00000e34                xTaskCreate
 .text.vTaskStartScheduler
                0x00000fbc       0x40 ./freertos/src/tasks.o
                0x00000fbc                vTaskStartScheduler
 .text.vTaskSuspendAll
                0x00000ffc       0x10 ./freertos/src/tasks.o
                0x00000ffc                vTaskSuspendAll
 .text.vTaskIncrementTick
                0x0000100c       0xac ./freertos/src/tasks.o
                0x0000100c                vTaskIncrementTick
 .text.xTaskResumeAll
                0x000010b8       0xc8 ./freertos/src/tasks.o
                0x000010b8                xTaskResumeAll
 .text.prvIdleTask
                0x00001180       0x70 ./freertos/src/tasks.o
 .text.vTaskDelay
                0x000011f0       0x54 ./freertos/src/tasks.o
                0x000011f0                vTaskDelay
 .text.vTaskSwitchContext
                0x00001244       0xa4 ./freertos/src/tasks.o
                0x00001244                vTaskSwitchContext
 .text.vTaskPlaceOnEventList
                0x000012e8       0x5c ./freertos/src/tasks.o
                0x000012e8                vTaskPlaceOnEventList
 .text.xTaskRemoveFromEventList
                0x00001344       0x6c ./freertos/src/tasks.o
                0x00001344                xTaskRemoveFromEventList
 .text.vTaskSetTimeOutState
                0x000013b0       0x18 ./freertos/src/tasks.o
                0x000013b0                vTaskSetTimeOutState
 .text.xTaskCheckForTimeOut
                0x000013c8       0x54 ./freertos/src/tasks.o
                0x000013c8                xTaskCheckForTimeOut
 .text.vTaskMissedYield
                0x0000141c        0xc ./freertos/src/tasks.o
                0x0000141c                vTaskMissedYield
 .text.pvPortMalloc
                0x00001428      0x158 ./freertos/port/memmang/heap_2.o
                0x00001428                pvPortMalloc
 .text.vPortFree
                0x00001580       0x7c ./freertos/port/memmang/heap_2.o
                0x00001580                vPortFree
 .text.NVIC_SetPriority
                0x000015fc       0xe0 ./freertos/port/lpcxpresso/m0/port.o
 .text.SysTick_Config
                0x000016dc       0x4c ./freertos/port/lpcxpresso/m0/port.o
 .text.pxPortInitialiseStack
                0x00001728       0x48 ./freertos/port/lpcxpresso/m0/port.o
                0x00001728                pxPortInitialiseStack
 .text.vPortSVCHandler
                0x00001770       0x24 ./freertos/port/lpcxpresso/m0/port.o
                0x00001770                vPortSVCHandler
 .text.vPortStartFirstTask
                0x00001794        0xc ./freertos/port/lpcxpresso/m0/port.o
                0x00001794                vPortStartFirstTask
 .text.xPortStartScheduler
                0x000017a0       0x40 ./freertos/port/lpcxpresso/m0/port.o
                0x000017a0                xPortStartScheduler
 .text.vPortYieldFromISR
                0x000017e0       0x14 ./freertos/port/lpcxpresso/m0/port.o
                0x000017e0                vPortYieldFromISR
 .text.vPortEnterCritical
                0x000017f4       0x1c ./freertos/port/lpcxpresso/m0/port.o
                0x000017f4                vPortEnterCritical
 .text.vPortExitCritical
                0x00001810       0x24 ./freertos/port/lpcxpresso/m0/port.o
                0x00001810                vPortExitCritical
 .text.xPortPendSVHandler
                0x00001834       0x74 ./freertos/port/lpcxpresso/m0/port.o
                0x00001834                xPortPendSVHandler
 .text.xPortSysTickHandler
                0x000018a8       0x2c ./freertos/port/lpcxpresso/m0/port.o
                0x000018a8                xPortSysTickHandler
 .text.__set_PRIMASK
                0x000018d4       0x14 C:\Users\Ross\Dropbox\SEIS740\FreeRTOSDemo\CMSISv1p30_LPC11xx\Debug\libCMSISv1p30_LPC11xx.a(core_cm0.o)
                0x000018d4                __set_PRIMASK
 .text.__NOP    0x000018e8        0xc C:\Users\Ross\Dropbox\SEIS740\FreeRTOSDemo\CMSISv1p30_LPC11xx\Debug\libCMSISv1p30_LPC11xx.a(system_LPC11xx.o)
 .text.SystemInit
                0x000018f4       0xec C:\Users\Ross\Dropbox\SEIS740\FreeRTOSDemo\CMSISv1p30_LPC11xx\Debug\libCMSISv1p30_LPC11xx.a(system_LPC11xx.o)
                0x000018f4                SystemInit
 .text.__sys_write
                0x000019e0        0xc c:/nxp/lpcxpresso_4.1.5_219/lpcxpresso/tools/bin/../lib/gcc/arm-none-eabi/4.5.1/../../../../arm-none-eabi/lib/armv6-m\libcr_semihost.a(__sys_write.o)
                0x000019e0                __sys_write
                0x000019e0                __write
 .text.__main   0x000019ec       0x12 c:/nxp/lpcxpresso_4.1.5_219/lpcxpresso/tools/bin/../lib/gcc/arm-none-eabi/4.5.1/../../../../arm-none-eabi/lib/armv6-m\libcr_semihost.a(_cr__main.o)
                0x000019ec                __main
 *fill*         0x000019fe        0x2 00
 .text._initio  0x00001a00       0xa4 c:/nxp/lpcxpresso_4.1.5_219/lpcxpresso/tools/bin/../lib/gcc/arm-none-eabi/4.5.1/../../../../arm-none-eabi/lib/armv6-m\libcr_c.a(initio.o)
                0x00001a00                _initio
 .text.memcmp   0x00001aa4       0x40 c:/nxp/lpcxpresso_4.1.5_219/lpcxpresso/tools/bin/../lib/gcc/arm-none-eabi/4.5.1/../../../../arm-none-eabi/lib/armv6-m\libcr_c.a(memcmp.o)
                0x00001aa4                memcmp
 .text.setvbuf  0x00001ae4       0x48 c:/nxp/lpcxpresso_4.1.5_219/lpcxpresso/tools/bin/../lib/gcc/arm-none-eabi/4.5.1/../../../../arm-none-eabi/lib/armv6-m\libcr_c.a(setvbuf.o)
                0x00001ae4                setvbuf
 .text.strncpy  0x00001b2c       0x58 c:/nxp/lpcxpresso_4.1.5_219/lpcxpresso/tools/bin/../lib/gcc/arm-none-eabi/4.5.1/../../../../arm-none-eabi/lib/armv6-m\libcr_c.a(strncpy.o)
                0x00001b2c                strncpy
 .text.memcpy   0x00001b84        0x8 c:/nxp/lpcxpresso_4.1.5_219/lpcxpresso/tools/bin/../lib/gcc/arm-none-eabi/4.5.1/../../../../arm-none-eabi/lib/armv6-m\libcr_c.a(memcpy.o)
                0x00001b84                memcpy
 .text.memset   0x00001b8c        0x8 c:/nxp/lpcxpresso_4.1.5_219/lpcxpresso/tools/bin/../lib/gcc/arm-none-eabi/4.5.1/../../../../arm-none-eabi/lib/armv6-m\libcr_c.a(memset.o)
                0x00001b8c                memset
 .text._deferredlazyseek
                0x00001b94       0x44 c:/nxp/lpcxpresso_4.1.5_219/lpcxpresso/tools/bin/../lib/gcc/arm-none-eabi/4.5.1/../../../../arm-none-eabi/lib/armv6-m\libcr_c.a(_deferredlazyseek.o)
                0x00001b94                _deferredlazyseek
 .text._fdopen  0x00001bd8       0x6c c:/nxp/lpcxpresso_4.1.5_219/lpcxpresso/tools/bin/../lib/gcc/arm-none-eabi/4.5.1/../../../../arm-none-eabi/lib/armv6-m\libcr_c.a(_fdopen.o)
                0x00001bd8                _fdopen
 .text._fflush  0x00001c44       0x60 c:/nxp/lpcxpresso_4.1.5_219/lpcxpresso/tools/bin/../lib/gcc/arm-none-eabi/4.5.1/../../../../arm-none-eabi/lib/armv6-m\libcr_c.a(_fflush.o)
                0x00001c44                _fflush
 .text._Cwritebuf
                0x00001ca4       0x6c c:/nxp/lpcxpresso_4.1.5_219/lpcxpresso/tools/bin/../lib/gcc/arm-none-eabi/4.5.1/../../../../arm-none-eabi/lib/armv6-m\libcr_c.a(_writebuf.o)
                0x00001ca4                _Cwritebuf
 .text.malloc   0x00001d10       0xbc c:/nxp/lpcxpresso_4.1.5_219/lpcxpresso/tools/bin/../lib/gcc/arm-none-eabi/4.5.1/../../../../arm-none-eabi/lib/armv6-m\libcr_c.a(alloc.o)
                0x00001d10                malloc
 .text.free     0x00001dcc        0xa c:/nxp/lpcxpresso_4.1.5_219/lpcxpresso/tools/bin/../lib/gcc/arm-none-eabi/4.5.1/../../../../arm-none-eabi/lib/armv6-m\libcr_c.a(alloc.o)
                0x00001dcc                free
 *fill*         0x00001dd6        0x2 00
 .text._Csys_alloc
                0x00001dd8       0x20 c:/nxp/lpcxpresso_4.1.5_219/lpcxpresso/tools/bin/../lib/gcc/arm-none-eabi/4.5.1/../../../../arm-none-eabi/lib/armv6-m\libcr_c.a(alloc.o)
                0x00001dd8                _Csys_alloc
 .text.fclose   0x00001df8       0x70 c:/nxp/lpcxpresso_4.1.5_219/lpcxpresso/tools/bin/../lib/gcc/arm-none-eabi/4.5.1/../../../../arm-none-eabi/lib/armv6-m\libcr_c.a(fclose.o)
                0x00001df8                fclose
 .text.fflush   0x00001e68       0x38 c:/nxp/lpcxpresso_4.1.5_219/lpcxpresso/tools/bin/../lib/gcc/arm-none-eabi/4.5.1/../../../../arm-none-eabi/lib/armv6-m\libcr_c.a(fflush.o)
                0x00001e68                fflush
 .text.fseek    0x00001ea0       0xf0 c:/nxp/lpcxpresso_4.1.5_219/lpcxpresso/tools/bin/../lib/gcc/arm-none-eabi/4.5.1/../../../../arm-none-eabi/lib/armv6-m\libcr_c.a(fseek.o)
                0x00001ea0                fseek
 .text.ftell    0x00001f90       0x50 c:/nxp/lpcxpresso_4.1.5_219/lpcxpresso/tools/bin/../lib/gcc/arm-none-eabi/4.5.1/../../../../arm-none-eabi/lib/armv6-m\libcr_c.a(ftell.o)
                0x00001f90                ftell
 .text.remove   0x00001fe0       0x12 c:/nxp/lpcxpresso_4.1.5_219/lpcxpresso/tools/bin/../lib/gcc/arm-none-eabi/4.5.1/../../../../arm-none-eabi/lib/armv6-m\libcr_c.a(remove.o)
                0x00001fe0                remove
 *fill*         0x00001ff2        0x2 00
 .text.strlen   0x00001ff4       0x50 c:/nxp/lpcxpresso_4.1.5_219/lpcxpresso/tools/bin/../lib/gcc/arm-none-eabi/4.5.1/../../../../arm-none-eabi/lib/armv6-m\libcr_c.a(strlen.o)
                0x00001ff4                strlen
 .text._do_fflush
                0x00002044       0x48 c:/nxp/lpcxpresso_4.1.5_219/lpcxpresso/tools/bin/../lib/gcc/arm-none-eabi/4.5.1/../../../../arm-none-eabi/lib/armv6-m\libcr_c.a(_do_fflush.o)
                0x00002044                _do_fflush
 .text.__aeabi_division_idivmod
                0x0000208c        0x6 c:/nxp/lpcxpresso_4.1.5_219/lpcxpresso/tools/bin/../lib/gcc/arm-none-eabi/4.5.1/armv6-m\libcr_eabihelpers.a(division.o)
                0x0000208c                __aeabi_idivmod
                0x0000208c                __aeabi_idiv
 .text.__aeabi_division_uidivmod
                0x00002092       0x72 c:/nxp/lpcxpresso_4.1.5_219/lpcxpresso/tools/bin/../lib/gcc/arm-none-eabi/4.5.1/armv6-m\libcr_eabihelpers.a(division.o)
                0x00002092                __aeabi_uidivmod
                0x00002092                __aeabi_uidiv
 .text.__aeabi_division_idiv0
                0x00002104        0x2 c:/nxp/lpcxpresso_4.1.5_219/lpcxpresso/tools/bin/../lib/gcc/arm-none-eabi/4.5.1/armv6-m\libcr_eabihelpers.a(division.o)
                0x00002104                __aeabi_idiv0
 .text.__aeabi_memcpy
                0x00002106       0x2c c:/nxp/lpcxpresso_4.1.5_219/lpcxpresso/tools/bin/../lib/gcc/arm-none-eabi/4.5.1/armv6-m\libcr_eabihelpers.a(memcpy.o)
                0x00002106                __aeabi_memcpy4
                0x00002106                __aeabi_memcpy8
                0x00002106                __aeabi_memcpy
 .text.__aeabi_memset_lowlevel
                0x00002132       0x2a c:/nxp/lpcxpresso_4.1.5_219/lpcxpresso/tools/bin/../lib/gcc/arm-none-eabi/4.5.1/armv6-m\libcr_eabihelpers.a(memcpy.o)
                0x00002132                __aeabi_lowlevel_memset
 .text.__sys_appexit
                0x0000215c        0xc c:/nxp/lpcxpresso_4.1.5_219/lpcxpresso/tools/bin/../lib/gcc/arm-none-eabi/4.5.1/../../../../arm-none-eabi/lib/armv6-m\libcr_semihost.a(__sys_appexit.o)
                0x0000215c                __sys_appexit
                0x0000215c                __exit
 .text.__sys_close
                0x00002168        0xc c:/nxp/lpcxpresso_4.1.5_219/lpcxpresso/tools/bin/../lib/gcc/arm-none-eabi/4.5.1/../../../../arm-none-eabi/lib/armv6-m\libcr_semihost.a(__sys_close.o)
                0x00002168                __sys_close
 .text.__sys_flen
                0x00002174        0xc c:/nxp/lpcxpresso_4.1.5_219/lpcxpresso/tools/bin/../lib/gcc/arm-none-eabi/4.5.1/../../../../arm-none-eabi/lib/armv6-m\libcr_semihost.a(__sys_flen.o)
                0x00002174                __sys_flen
 .text.__sys_istty
                0x00002180        0xc c:/nxp/lpcxpresso_4.1.5_219/lpcxpresso/tools/bin/../lib/gcc/arm-none-eabi/4.5.1/../../../../arm-none-eabi/lib/armv6-m\libcr_semihost.a(__sys_istty.o)
                0x00002180                __sys_istty
 .text.__sys_remove
                0x0000218c        0xc c:/nxp/lpcxpresso_4.1.5_219/lpcxpresso/tools/bin/../lib/gcc/arm-none-eabi/4.5.1/../../../../arm-none-eabi/lib/armv6-m\libcr_semihost.a(__sys_remove.o)
                0x0000218c                __sys_remove
 .text.__sys_seek
                0x00002198        0xc c:/nxp/lpcxpresso_4.1.5_219/lpcxpresso/tools/bin/../lib/gcc/arm-none-eabi/4.5.1/../../../../arm-none-eabi/lib/armv6-m\libcr_semihost.a(__sys_seek.o)
                0x00002198                __sys_seek
 .text.__sys_tmpnam
                0x000021a4        0xc c:/nxp/lpcxpresso_4.1.5_219/lpcxpresso/tools/bin/../lib/gcc/arm-none-eabi/4.5.1/../../../../arm-none-eabi/lib/armv6-m\libcr_semihost.a(__sys_tmpnam.o)
                0x000021a4                __sys_tmpnam
 .text._sbrk    0x000021b0       0x40 c:/nxp/lpcxpresso_4.1.5_219/lpcxpresso/tools/bin/../lib/gcc/arm-none-eabi/4.5.1/../../../../arm-none-eabi/lib/armv6-m\libcr_semihost.a(_cr_sbrk.o)
                0x000021b0                _sbrk
 .text.__check_heap_overflow
                0x000021f0       0x2c c:/nxp/lpcxpresso_4.1.5_219/lpcxpresso/tools/bin/../lib/gcc/arm-none-eabi/4.5.1/../../../../arm-none-eabi/lib/armv6-m\libcr_semihost.a(_cr_check_heap.o)
                0x000021f0                __check_heap_overflow
 *(.rodata .rodata.*)
 .rodata        0x0000221c       0x78 ./src/main.o
 .rodata.str1.1
                0x00002294        0x5 ./freertos/src/tasks.o
 .rodata.ucExpectedStackBytes.2090
                0x00002299       0x14 ./freertos/src/tasks.o
 *fill*         0x000022ad        0x1 00
 .rodata.heapSTRUCT_SIZE
                0x000022ae        0x2 ./freertos/port/memmang/heap_2.o
 .rodata.str1.1
                0x000022b0        0x4 c:/nxp/lpcxpresso_4.1.5_219/lpcxpresso/tools/bin/../lib/gcc/arm-none-eabi/4.5.1/../../../../arm-none-eabi/lib/armv6-m\libcr_c.a(initio.o)
 .rodata.str1.1
                0x000022b4       0x18 c:/nxp/lpcxpresso_4.1.5_219/lpcxpresso/tools/bin/../lib/gcc/arm-none-eabi/4.5.1/../../../../arm-none-eabi/lib/armv6-m\libcr_c.a(alloc.o)
                0x000022cc                . = ALIGN (0x4)

.glue_7         0x000022cc        0x0
 .glue_7        0x00000000        0x0 linker stubs

.glue_7t        0x000022cc        0x0
 .glue_7t       0x00000000        0x0 linker stubs

.vfp11_veneer   0x000022cc        0x0
 .vfp11_veneer  0x00000000        0x0 linker stubs

.v4_bx          0x000022cc        0x0
 .v4_bx         0x00000000        0x0 linker stubs

.ARM.extab
 *(.ARM.extab* .gnu.linkonce.armextab.*)
                0x000022cc                __exidx_start = .

.ARM.exidx
 *(.ARM.exidx* .gnu.linkonce.armexidx.*)
                0x000022cc                __exidx_end = .
                0x000022cc                _etext = .

.uninit_RESERVED
 *(.bss.$RESERVED*)

.data           0x10000000        0x8 load address 0x000022cc
 FILL mask 0xff
                0x10000000                _data = .
 *(vtable)
 *(.data*)
 .data.uxCriticalNesting
                0x10000000        0x4 ./freertos/port/lpcxpresso/m0/port.o
 .data          0x10000004        0x4 C:\Users\Ross\Dropbox\SEIS740\FreeRTOSDemo\CMSISv1p30_LPC11xx\Debug\libCMSISv1p30_LPC11xx.a(system_LPC11xx.o)
                0x10000004                SystemCoreClock
                0x10000008                . = ALIGN (0x4)
                0x10000008                _edata = .

.bss            0x10000008      0xc20 load address 0x000022d4
                0x10000008                _bss = .
 *(.bss*)
 .bss.debug_buf_write_index
                0x10000008        0x1 ./src/debug.o
 .bss.debug_buf_read_index
                0x10000009        0x1 ./src/debug.o
 .bss.debug_write_buf
                0x1000000a       0x52 ./src/debug.o
 .bss.uxMissedTicks
                0x1000005c        0x4 ./freertos/src/tasks.o
 .bss.xNumOfOverflows
                0x10000060        0x4 ./freertos/src/tasks.o
 .bss.pxDelayedTaskList
                0x10000064        0x4 ./freertos/src/tasks.o
 .bss.xSchedulerRunning
                0x10000068        0x4 ./freertos/src/tasks.o
 .bss.uxTasksDeleted
                0x1000006c        0x4 ./freertos/src/tasks.o
 .bss.xTasksWaitingTermination
                0x10000070       0x14 ./freertos/src/tasks.o
 .bss.xSuspendedTaskList
                0x10000084       0x14 ./freertos/src/tasks.o
 .bss.pxReadyTasksLists
                0x10000098       0x64 ./freertos/src/tasks.o
 .bss.uxSchedulerSuspended
                0x100000fc        0x4 ./freertos/src/tasks.o
 .bss.pxCurrentTCB
                0x10000100        0x4 ./freertos/src/tasks.o
                0x10000100                pxCurrentTCB
 .bss.xPendingReadyList
                0x10000104       0x14 ./freertos/src/tasks.o
 .bss.xTickCount
                0x10000118        0x4 ./freertos/src/tasks.o
 .bss.pxOverflowDelayedTaskList
                0x1000011c        0x4 ./freertos/src/tasks.o
 .bss.uxTopReadyPriority
                0x10000120        0x4 ./freertos/src/tasks.o
 .bss.uxTaskNumber
                0x10000124        0x4 ./freertos/src/tasks.o
 .bss.xDelayedTaskList1
                0x10000128       0x14 ./freertos/src/tasks.o
 .bss.xDelayedTaskList2
                0x1000013c       0x14 ./freertos/src/tasks.o
 .bss.xMissedYield
                0x10000150        0x4 ./freertos/src/tasks.o
 .bss.uxCurrentNumberOfTasks
                0x10000154        0x4 ./freertos/src/tasks.o
 .bss.uxTopUsedPriority
                0x10000158        0x4 ./freertos/src/tasks.o
 .bss.totalinuse
                0x1000015c        0x4 ./freertos/port/memmang/heap_2.o
 .bss.xHeap     0x10000160      0x960 ./freertos/port/memmang/heap_2.o
 .bss.xStart    0x10000ac0        0x8 ./freertos/port/memmang/heap_2.o
 .bss.xEnd      0x10000ac8        0x8 ./freertos/port/memmang/heap_2.o
 .bss.xHeapHasBeenInitialised.1711
                0x10000ad0        0x4 ./freertos/port/memmang/heap_2.o
 .bss.errno     0x10000ad4        0x4 c:/nxp/lpcxpresso_4.1.5_219/lpcxpresso/tools/bin/../lib/gcc/arm-none-eabi/4.5.1/../../../../arm-none-eabi/lib/armv6-m\libcr_c.a(errno.o)
                0x10000ad4                errno
 *(COMMON)
 COMMON         0x10000ad8        0x4 ./src/main.o
                0x10000ad8                ButtonSemaphore
 COMMON         0x10000adc        0x4 c:/nxp/lpcxpresso_4.1.5_219/lpcxpresso/tools/bin/../lib/gcc/arm-none-eabi/4.5.1/../../../../arm-none-eabi/lib/armv6-m\libcr_c.a(initio.o)
                0x10000adc                _extra
 COMMON         0x10000ae0      0x140 c:/nxp/lpcxpresso_4.1.5_219/lpcxpresso/tools/bin/../lib/gcc/arm-none-eabi/4.5.1/../../../../arm-none-eabi/lib/armv6-m\libcr_c.a(stdio.o)
                0x10000ae0                __Ciob
 COMMON         0x10000c20        0x8 c:/nxp/lpcxpresso_4.1.5_219/lpcxpresso/tools/bin/../lib/gcc/arm-none-eabi/4.5.1/../../../../arm-none-eabi/lib/armv6-m\libcr_c.a(__init_alloc.o)
                0x10000c20                __heaps
                0x10000c24                __end_of_heap
                0x10000c28                . = ALIGN (0x4)
                0x10000c28                _ebss = .
                0x10000c28                PROVIDE (end, .)
                0x10000c28                PROVIDE (_pvHeapStart, .)
                0x10002000                PROVIDE (_vStackTop, (__top_RamLoc8 - 0x0))
OUTPUT(freertos_111x.axf elf32-littlearm)

.debug_abbrev   0x00000000     0x1537
 .debug_abbrev  0x00000000       0xb4 ./src/cr_startup_lpc11.o
 .debug_abbrev  0x000000b4      0x11e ./src/debug.o
 .debug_abbrev  0x000001d2       0xf1 ./src/joystick.o
 .debug_abbrev  0x000002c3      0x155 ./src/lcd.o
 .debug_abbrev  0x00000418      0x1ed ./src/main.o
 .debug_abbrev  0x00000605      0x1e0 ./freertos/src/croutine.o
 .debug_abbrev  0x000007e5       0xe0 ./freertos/src/list.o
 .debug_abbrev  0x000008c5      0x223 ./freertos/src/queue.o
 .debug_abbrev  0x00000ae8      0x279 ./freertos/src/tasks.o
 .debug_abbrev  0x00000d61      0x14b ./freertos/port/memmang/heap_2.o
 .debug_abbrev  0x00000eac      0x1b5 ./freertos/port/lpcxpresso/m0/port.o
 .debug_abbrev  0x00001061       0xd0 C:\Users\Ross\Dropbox\SEIS740\FreeRTOSDemo\CMSISv1p30_LPC11xx\Debug\libCMSISv1p30_LPC11xx.a(core_cm0.o)
 .debug_abbrev  0x00001131       0xdf C:\Users\Ross\Dropbox\SEIS740\FreeRTOSDemo\CMSISv1p30_LPC11xx\Debug\libCMSISv1p30_LPC11xx.a(system_LPC11xx.o)
 .debug_abbrev  0x00001210      0x15f C:\Users\Ross\Dropbox\SEIS740\FreeRTOSDemo\lib_small_printf_m0\Lib\liblib_small_printf_m0.a(small_printf_nofloat.o)
 .debug_abbrev  0x0000136f      0x11e C:\Users\Ross\Dropbox\SEIS740\FreeRTOSDemo\lib_small_printf_m0\Lib\liblib_small_printf_m0.a(small_printf_support.o)
 .debug_abbrev  0x0000148d       0xaa C:\Users\Ross\Dropbox\SEIS740\FreeRTOSDemo\lib_small_printf_m0\Lib\liblib_small_printf_m0.a(small_utils.o)

.debug_info     0x00000000     0x4677
 .debug_info    0x00000000      0x1ac ./src/cr_startup_lpc11.o
 .debug_info    0x000001ac      0x23a ./src/debug.o
 .debug_info    0x000003e6      0x20a ./src/joystick.o
 .debug_info    0x000005f0      0x37e ./src/lcd.o
 .debug_info    0x0000096e      0x942 ./src/main.o
 .debug_info    0x000012b0      0x528 ./freertos/src/croutine.o
 .debug_info    0x000017d8      0x2a5 ./freertos/src/list.o
 .debug_info    0x00001a7d      0x87b ./freertos/src/queue.o
 .debug_info    0x000022f8      0xd05 ./freertos/src/tasks.o
 .debug_info    0x00002ffd      0x29e ./freertos/port/memmang/heap_2.o
 .debug_info    0x0000329b      0x555 ./freertos/port/lpcxpresso/m0/port.o
 .debug_info    0x000037f0      0x2ab C:\Users\Ross\Dropbox\SEIS740\FreeRTOSDemo\CMSISv1p30_LPC11xx\Debug\libCMSISv1p30_LPC11xx.a(core_cm0.o)
 .debug_info    0x00003a9b      0x4fa C:\Users\Ross\Dropbox\SEIS740\FreeRTOSDemo\CMSISv1p30_LPC11xx\Debug\libCMSISv1p30_LPC11xx.a(system_LPC11xx.o)
 .debug_info    0x00003f95      0x257 C:\Users\Ross\Dropbox\SEIS740\FreeRTOSDemo\lib_small_printf_m0\Lib\liblib_small_printf_m0.a(small_printf_nofloat.o)
 .debug_info    0x000041ec      0x2c0 C:\Users\Ross\Dropbox\SEIS740\FreeRTOSDemo\lib_small_printf_m0\Lib\liblib_small_printf_m0.a(small_printf_support.o)
 .debug_info    0x000044ac      0x1cb C:\Users\Ross\Dropbox\SEIS740\FreeRTOSDemo\lib_small_printf_m0\Lib\liblib_small_printf_m0.a(small_utils.o)

.debug_line     0x00000000     0x51d1
 .debug_line    0x00000000      0x3b4 ./src/cr_startup_lpc11.o
 .debug_line    0x000003b4      0x4e7 ./src/debug.o
 .debug_line    0x0000089b      0x3e8 ./src/joystick.o
 .debug_line    0x00000c83      0x48f ./src/lcd.o
 .debug_line    0x00001112      0x6b0 ./src/main.o
 .debug_line    0x000017c2      0x5fc ./freertos/src/croutine.o
 .debug_line    0x00001dbe      0x577 ./freertos/src/list.o
 .debug_line    0x00002335      0x758 ./freertos/src/queue.o
 .debug_line    0x00002a8d      0x9cb ./freertos/src/tasks.o
 .debug_line    0x00003458      0x588 ./freertos/port/memmang/heap_2.o
 .debug_line    0x000039e0      0x5f1 ./freertos/port/lpcxpresso/m0/port.o
 .debug_line    0x00003fd1      0x3d0 C:\Users\Ross\Dropbox\SEIS740\FreeRTOSDemo\CMSISv1p30_LPC11xx\Debug\libCMSISv1p30_LPC11xx.a(core_cm0.o)
 .debug_line    0x000043a1      0x417 C:\Users\Ross\Dropbox\SEIS740\FreeRTOSDemo\CMSISv1p30_LPC11xx\Debug\libCMSISv1p30_LPC11xx.a(system_LPC11xx.o)
 .debug_line    0x000047b8      0x446 C:\Users\Ross\Dropbox\SEIS740\FreeRTOSDemo\lib_small_printf_m0\Lib\liblib_small_printf_m0.a(small_printf_nofloat.o)
 .debug_line    0x00004bfe      0x47b C:\Users\Ross\Dropbox\SEIS740\FreeRTOSDemo\lib_small_printf_m0\Lib\liblib_small_printf_m0.a(small_printf_support.o)
 .debug_line    0x00005079      0x158 C:\Users\Ross\Dropbox\SEIS740\FreeRTOSDemo\lib_small_printf_m0\Lib\liblib_small_printf_m0.a(small_utils.o)

.debug_macinfo  0x00000000    0x50d03
 .debug_macinfo
                0x00000000     0x30ac ./src/cr_startup_lpc11.o
 .debug_macinfo
                0x000030ac     0x51ff ./src/debug.o
 .debug_macinfo
                0x000082ab     0x4f8c ./src/joystick.o
 .debug_macinfo
                0x0000d237     0x50c9 ./src/lcd.o
 .debug_macinfo
                0x00012300     0x74c9 ./src/main.o
 .debug_macinfo
                0x000197c9     0x6aef ./freertos/src/croutine.o
 .debug_macinfo
                0x000202b8     0x634b ./freertos/src/list.o
 .debug_macinfo
                0x00026603     0x6d3d ./freertos/src/queue.o
 .debug_macinfo
                0x0002d340     0x6ff7 ./freertos/src/tasks.o
 .debug_macinfo
                0x00034337     0x680c ./freertos/port/memmang/heap_2.o
 .debug_macinfo
                0x0003ab43     0x647e ./freertos/port/lpcxpresso/m0/port.o
 .debug_macinfo
                0x00040fc1     0x303f C:\Users\Ross\Dropbox\SEIS740\FreeRTOSDemo\CMSISv1p30_LPC11xx\Debug\libCMSISv1p30_LPC11xx.a(core_cm0.o)
 .debug_macinfo
                0x00044000     0x528e C:\Users\Ross\Dropbox\SEIS740\FreeRTOSDemo\CMSISv1p30_LPC11xx\Debug\libCMSISv1p30_LPC11xx.a(system_LPC11xx.o)
 .debug_macinfo
                0x0004928e     0x31e5 C:\Users\Ross\Dropbox\SEIS740\FreeRTOSDemo\lib_small_printf_m0\Lib\liblib_small_printf_m0.a(small_printf_nofloat.o)
 .debug_macinfo
                0x0004c473     0x31f4 C:\Users\Ross\Dropbox\SEIS740\FreeRTOSDemo\lib_small_printf_m0\Lib\liblib_small_printf_m0.a(small_printf_support.o)
 .debug_macinfo
                0x0004f667     0x169c C:\Users\Ross\Dropbox\SEIS740\FreeRTOSDemo\lib_small_printf_m0\Lib\liblib_small_printf_m0.a(small_utils.o)

.debug_loc      0x00000000     0x28c0
 .debug_loc     0x00000000       0xdf ./src/cr_startup_lpc11.o
 .debug_loc     0x000000df      0x176 ./src/debug.o
 .debug_loc     0x00000255       0x64 ./src/joystick.o
 .debug_loc     0x000002b9      0x200 ./src/lcd.o
 .debug_loc     0x000004b9      0x29c ./src/main.o
 .debug_loc     0x00000755      0x23a ./freertos/src/croutine.o
 .debug_loc     0x0000098f       0x6a ./freertos/src/list.o
 .debug_loc     0x000009f9      0x724 ./freertos/src/queue.o
 .debug_loc     0x0000111d      0x935 ./freertos/src/tasks.o
 .debug_loc     0x00001a52       0x9c ./freertos/port/memmang/heap_2.o
 .debug_loc     0x00001aee      0x1bc ./freertos/port/lpcxpresso/m0/port.o
 .debug_loc     0x00001caa      0x188 C:\Users\Ross\Dropbox\SEIS740\FreeRTOSDemo\CMSISv1p30_LPC11xx\Debug\libCMSISv1p30_LPC11xx.a(core_cm0.o)
 .debug_loc     0x00001e32       0x9c C:\Users\Ross\Dropbox\SEIS740\FreeRTOSDemo\CMSISv1p30_LPC11xx\Debug\libCMSISv1p30_LPC11xx.a(system_LPC11xx.o)
 .debug_loc     0x00001ece      0x39b C:\Users\Ross\Dropbox\SEIS740\FreeRTOSDemo\lib_small_printf_m0\Lib\liblib_small_printf_m0.a(small_printf_nofloat.o)
 .debug_loc     0x00002269      0x38c C:\Users\Ross\Dropbox\SEIS740\FreeRTOSDemo\lib_small_printf_m0\Lib\liblib_small_printf_m0.a(small_printf_support.o)
 .debug_loc     0x000025f5      0x2cb C:\Users\Ross\Dropbox\SEIS740\FreeRTOSDemo\lib_small_printf_m0\Lib\liblib_small_printf_m0.a(small_utils.o)

.debug_pubnames
                0x00000000      0xaa9
 .debug_pubnames
                0x00000000       0x6c ./src/cr_startup_lpc11.o
 .debug_pubnames
                0x0000006c       0x71 ./src/debug.o
 .debug_pubnames
                0x000000dd       0x36 ./src/joystick.o
 .debug_pubnames
                0x00000113       0xb6 ./src/lcd.o
 .debug_pubnames
                0x000001c9       0xff ./src/main.o
 .debug_pubnames
                0x000002c8       0x96 ./freertos/src/croutine.o
 .debug_pubnames
                0x0000035e       0x71 ./freertos/src/list.o
 .debug_pubnames
                0x000003cf      0x13c ./freertos/src/queue.o
 .debug_pubnames
                0x0000050b      0x24d ./freertos/src/tasks.o
 .debug_pubnames
                0x00000758       0x41 ./freertos/port/memmang/heap_2.o
 .debug_pubnames
                0x00000799       0xf8 ./freertos/port/lpcxpresso/m0/port.o
 .debug_pubnames
                0x00000891       0xb4 C:\Users\Ross\Dropbox\SEIS740\FreeRTOSDemo\CMSISv1p30_LPC11xx\Debug\libCMSISv1p30_LPC11xx.a(core_cm0.o)
 .debug_pubnames
                0x00000945       0x4f C:\Users\Ross\Dropbox\SEIS740\FreeRTOSDemo\CMSISv1p30_LPC11xx\Debug\libCMSISv1p30_LPC11xx.a(system_LPC11xx.o)
 .debug_pubnames
                0x00000994       0x51 C:\Users\Ross\Dropbox\SEIS740\FreeRTOSDemo\lib_small_printf_m0\Lib\liblib_small_printf_m0.a(small_printf_nofloat.o)
 .debug_pubnames
                0x000009e5       0x53 C:\Users\Ross\Dropbox\SEIS740\FreeRTOSDemo\lib_small_printf_m0\Lib\liblib_small_printf_m0.a(small_printf_support.o)
 .debug_pubnames
                0x00000a38       0x71 C:\Users\Ross\Dropbox\SEIS740\FreeRTOSDemo\lib_small_printf_m0\Lib\liblib_small_printf_m0.a(small_utils.o)

.debug_pubtypes
                0x00000000      0x65a
 .debug_pubtypes
                0x00000000       0x12 ./src/cr_startup_lpc11.o
 .debug_pubtypes
                0x00000012       0x38 ./src/debug.o
 .debug_pubtypes
                0x0000004a       0x40 ./src/joystick.o
 .debug_pubtypes
                0x0000008a       0x34 ./src/lcd.o
 .debug_pubtypes
                0x000000be       0xc3 ./src/main.o
 .debug_pubtypes
                0x00000181       0xcd ./freertos/src/croutine.o
 .debug_pubtypes
                0x0000024e       0x7a ./freertos/src/list.o
 .debug_pubtypes
                0x000002c8      0x103 ./freertos/src/queue.o
 .debug_pubtypes
                0x000003cb       0xe7 ./freertos/src/tasks.o
 .debug_pubtypes
                0x000004b2       0x4c ./freertos/port/memmang/heap_2.o
 .debug_pubtypes
                0x000004fe       0x72 ./freertos/port/lpcxpresso/m0/port.o
 .debug_pubtypes
                0x00000570       0x44 C:\Users\Ross\Dropbox\SEIS740\FreeRTOSDemo\CMSISv1p30_LPC11xx\Debug\libCMSISv1p30_LPC11xx.a(core_cm0.o)
 .debug_pubtypes
                0x000005b4       0x36 C:\Users\Ross\Dropbox\SEIS740\FreeRTOSDemo\CMSISv1p30_LPC11xx\Debug\libCMSISv1p30_LPC11xx.a(system_LPC11xx.o)
 .debug_pubtypes
                0x000005ea       0x45 C:\Users\Ross\Dropbox\SEIS740\FreeRTOSDemo\lib_small_printf_m0\Lib\liblib_small_printf_m0.a(small_printf_nofloat.o)
 .debug_pubtypes
                0x0000062f       0x2b C:\Users\Ross\Dropbox\SEIS740\FreeRTOSDemo\lib_small_printf_m0\Lib\liblib_small_printf_m0.a(small_printf_support.o)

.debug_aranges  0x00000000      0x568
 .debug_aranges
                0x00000000       0x38 ./src/cr_startup_lpc11.o
 .debug_aranges
                0x00000038       0x40 ./src/debug.o
 .debug_aranges
                0x00000078       0x28 ./src/joystick.o
 .debug_aranges
                0x000000a0       0x68 ./src/lcd.o
 .debug_aranges
                0x00000108       0x80 ./src/main.o
 .debug_aranges
                0x00000188       0x38 ./freertos/src/croutine.o
 .debug_aranges
                0x000001c0       0x40 ./freertos/src/list.o
 .debug_aranges
                0x00000200       0x88 ./freertos/src/queue.o
 .debug_aranges
                0x00000288       0xe8 ./freertos/src/tasks.o
 .debug_aranges
                0x00000370       0x30 ./freertos/port/memmang/heap_2.o
 .debug_aranges
                0x000003a0       0x78 ./freertos/port/lpcxpresso/m0/port.o
 .debug_aranges
                0x00000418       0x70 C:\Users\Ross\Dropbox\SEIS740\FreeRTOSDemo\CMSISv1p30_LPC11xx\Debug\libCMSISv1p30_LPC11xx.a(core_cm0.o)
 .debug_aranges
                0x00000488       0x30 C:\Users\Ross\Dropbox\SEIS740\FreeRTOSDemo\CMSISv1p30_LPC11xx\Debug\libCMSISv1p30_LPC11xx.a(system_LPC11xx.o)
 .debug_aranges
                0x000004b8       0x30 C:\Users\Ross\Dropbox\SEIS740\FreeRTOSDemo\lib_small_printf_m0\Lib\liblib_small_printf_m0.a(small_printf_nofloat.o)
 .debug_aranges
                0x000004e8       0x38 C:\Users\Ross\Dropbox\SEIS740\FreeRTOSDemo\lib_small_printf_m0\Lib\liblib_small_printf_m0.a(small_printf_support.o)
 .debug_aranges
                0x00000520       0x48 C:\Users\Ross\Dropbox\SEIS740\FreeRTOSDemo\lib_small_printf_m0\Lib\liblib_small_printf_m0.a(small_utils.o)

.debug_ranges   0x00000000      0x4e8
 .debug_ranges  0x00000000       0x28 ./src/cr_startup_lpc11.o
 .debug_ranges  0x00000028       0x30 ./src/debug.o
 .debug_ranges  0x00000058       0x18 ./src/joystick.o
 .debug_ranges  0x00000070       0x58 ./src/lcd.o
 .debug_ranges  0x000000c8       0x70 ./src/main.o
 .debug_ranges  0x00000138       0x40 ./freertos/src/croutine.o
 .debug_ranges  0x00000178       0x30 ./freertos/src/list.o
 .debug_ranges  0x000001a8       0x78 ./freertos/src/queue.o
 .debug_ranges  0x00000220      0x140 ./freertos/src/tasks.o
 .debug_ranges  0x00000360       0x20 ./freertos/port/memmang/heap_2.o
 .debug_ranges  0x00000380       0x68 ./freertos/port/lpcxpresso/m0/port.o
 .debug_ranges  0x000003e8       0x60 C:\Users\Ross\Dropbox\SEIS740\FreeRTOSDemo\CMSISv1p30_LPC11xx\Debug\libCMSISv1p30_LPC11xx.a(core_cm0.o)
 .debug_ranges  0x00000448       0x20 C:\Users\Ross\Dropbox\SEIS740\FreeRTOSDemo\CMSISv1p30_LPC11xx\Debug\libCMSISv1p30_LPC11xx.a(system_LPC11xx.o)
 .debug_ranges  0x00000468       0x20 C:\Users\Ross\Dropbox\SEIS740\FreeRTOSDemo\lib_small_printf_m0\Lib\liblib_small_printf_m0.a(small_printf_nofloat.o)
 .debug_ranges  0x00000488       0x28 C:\Users\Ross\Dropbox\SEIS740\FreeRTOSDemo\lib_small_printf_m0\Lib\liblib_small_printf_m0.a(small_printf_support.o)
 .debug_ranges  0x000004b0       0x38 C:\Users\Ross\Dropbox\SEIS740\FreeRTOSDemo\lib_small_printf_m0\Lib\liblib_small_printf_m0.a(small_utils.o)

.debug_str      0x00000000     0x1c80
 .debug_str     0x00000000      0x133 ./src/cr_startup_lpc11.o
                                0x167 (size before relaxing)
 .debug_str     0x00000133       0xdf ./src/debug.o
                                0x1b3 (size before relaxing)
 .debug_str     0x00000212       0x82 ./src/joystick.o
                                0x151 (size before relaxing)
 .debug_str     0x00000294       0xae ./src/lcd.o
                                0x1c7 (size before relaxing)
 .debug_str     0x00000342      0x4f4 ./src/main.o
                                0x631 (size before relaxing)
 .debug_str     0x00000836      0x33e ./freertos/src/croutine.o
                                0x432 (size before relaxing)
 .debug_str     0x00000b74       0xaa ./freertos/src/list.o
                                0x221 (size before relaxing)
 .debug_str     0x00000c1e      0x36b ./freertos/src/queue.o
                                0x514 (size before relaxing)
 .debug_str     0x00000f89      0x525 ./freertos/src/tasks.o
                                0x7bf (size before relaxing)
 .debug_str     0x000014ae      0x12b ./freertos/port/memmang/heap_2.o
                                0x216 (size before relaxing)
 .debug_str     0x000015d9      0x13a ./freertos/port/lpcxpresso/m0/port.o
                                0x4a1 (size before relaxing)
 .debug_str     0x00001713      0x110 C:\Users\Ross\Dropbox\SEIS740\FreeRTOSDemo\CMSISv1p30_LPC11xx\Debug\libCMSISv1p30_LPC11xx.a(core_cm0.o)
                                0x1ae (size before relaxing)
 .debug_str     0x00001823      0x28c C:\Users\Ross\Dropbox\SEIS740\FreeRTOSDemo\CMSISv1p30_LPC11xx\Debug\libCMSISv1p30_LPC11xx.a(system_LPC11xx.o)
                                0x3a6 (size before relaxing)
 .debug_str     0x00001aaf       0xc5 C:\Users\Ross\Dropbox\SEIS740\FreeRTOSDemo\lib_small_printf_m0\Lib\liblib_small_printf_m0.a(small_printf_nofloat.o)
                                0x19a (size before relaxing)
 .debug_str     0x00001b74       0xa6 C:\Users\Ross\Dropbox\SEIS740\FreeRTOSDemo\lib_small_printf_m0\Lib\liblib_small_printf_m0.a(small_printf_support.o)
                                0x1b7 (size before relaxing)
 .debug_str     0x00001c1a       0x66 C:\Users\Ross\Dropbox\SEIS740\FreeRTOSDemo\lib_small_printf_m0\Lib\liblib_small_printf_m0.a(small_utils.o)
                                 0xe7 (size before relaxing)

.comment        0x00000000       0x2a
 .comment       0x00000000       0x2a ./src/cr_startup_lpc11.o
                                 0x2b (size before relaxing)
 .comment       0x00000000       0x2b ./src/debug.o
 .comment       0x00000000       0x2b ./src/joystick.o
 .comment       0x00000000       0x2b ./src/lcd.o
 .comment       0x00000000       0x2b ./src/main.o
 .comment       0x00000000       0x2b ./freertos/src/croutine.o
 .comment       0x00000000       0x2b ./freertos/src/list.o
 .comment       0x00000000       0x2b ./freertos/src/queue.o
 .comment       0x00000000       0x2b ./freertos/src/tasks.o
 .comment       0x00000000       0x2b ./freertos/port/memmang/heap_2.o
 .comment       0x00000000       0x2b ./freertos/port/lpcxpresso/m0/port.o
 .comment       0x00000000       0x2b C:\Users\Ross\Dropbox\SEIS740\FreeRTOSDemo\CMSISv1p30_LPC11xx\Debug\libCMSISv1p30_LPC11xx.a(core_cm0.o)
 .comment       0x00000000       0x2b C:\Users\Ross\Dropbox\SEIS740\FreeRTOSDemo\CMSISv1p30_LPC11xx\Debug\libCMSISv1p30_LPC11xx.a(system_LPC11xx.o)
 .comment       0x00000000       0x2b C:\Users\Ross\Dropbox\SEIS740\FreeRTOSDemo\lib_small_printf_m0\Lib\liblib_small_printf_m0.a(small_printf_nofloat.o)
 .comment       0x00000000       0x2b C:\Users\Ross\Dropbox\SEIS740\FreeRTOSDemo\lib_small_printf_m0\Lib\liblib_small_printf_m0.a(small_printf_support.o)
 .comment       0x00000000       0x2b C:\Users\Ross\Dropbox\SEIS740\FreeRTOSDemo\lib_small_printf_m0\Lib\liblib_small_printf_m0.a(small_utils.o)
 .comment       0x00000000       0x2b c:/nxp/lpcxpresso_4.1.5_219/lpcxpresso/tools/bin/../lib/gcc/arm-none-eabi/4.5.1/../../../../arm-none-eabi/lib/armv6-m\libcr_semihost.a(_cr__main.o)
 .comment       0x00000000       0x2b c:/nxp/lpcxpresso_4.1.5_219/lpcxpresso/tools/bin/../lib/gcc/arm-none-eabi/4.5.1/../../../../arm-none-eabi/lib/armv6-m\libcr_c.a(initio.o)
 .comment       0x00000000       0x2b c:/nxp/lpcxpresso_4.1.5_219/lpcxpresso/tools/bin/../lib/gcc/arm-none-eabi/4.5.1/../../../../arm-none-eabi/lib/armv6-m\libcr_c.a(memcmp.o)
 .comment       0x00000000       0x2b c:/nxp/lpcxpresso_4.1.5_219/lpcxpresso/tools/bin/../lib/gcc/arm-none-eabi/4.5.1/../../../../arm-none-eabi/lib/armv6-m\libcr_c.a(setvbuf.o)
 .comment       0x00000000       0x2b c:/nxp/lpcxpresso_4.1.5_219/lpcxpresso/tools/bin/../lib/gcc/arm-none-eabi/4.5.1/../../../../arm-none-eabi/lib/armv6-m\libcr_c.a(stdio.o)
 .comment       0x00000000       0x2b c:/nxp/lpcxpresso_4.1.5_219/lpcxpresso/tools/bin/../lib/gcc/arm-none-eabi/4.5.1/../../../../arm-none-eabi/lib/armv6-m\libcr_c.a(strncpy.o)
 .comment       0x00000000       0x2b c:/nxp/lpcxpresso_4.1.5_219/lpcxpresso/tools/bin/../lib/gcc/arm-none-eabi/4.5.1/../../../../arm-none-eabi/lib/armv6-m\libcr_c.a(memcpy.o)
 .comment       0x00000000       0x2b c:/nxp/lpcxpresso_4.1.5_219/lpcxpresso/tools/bin/../lib/gcc/arm-none-eabi/4.5.1/../../../../arm-none-eabi/lib/armv6-m\libcr_c.a(memset.o)
 .comment       0x00000000       0x2b c:/nxp/lpcxpresso_4.1.5_219/lpcxpresso/tools/bin/../lib/gcc/arm-none-eabi/4.5.1/../../../../arm-none-eabi/lib/armv6-m\libcr_c.a(__fillbuf.o)
 .comment       0x00000000       0x2b c:/nxp/lpcxpresso_4.1.5_219/lpcxpresso/tools/bin/../lib/gcc/arm-none-eabi/4.5.1/../../../../arm-none-eabi/lib/armv6-m\libcr_c.a(_deferredlazyseek.o)
 .comment       0x00000000       0x2b c:/nxp/lpcxpresso_4.1.5_219/lpcxpresso/tools/bin/../lib/gcc/arm-none-eabi/4.5.1/../../../../arm-none-eabi/lib/armv6-m\libcr_c.a(_fdopen.o)
 .comment       0x00000000       0x2b c:/nxp/lpcxpresso_4.1.5_219/lpcxpresso/tools/bin/../lib/gcc/arm-none-eabi/4.5.1/../../../../arm-none-eabi/lib/armv6-m\libcr_c.a(_fflush.o)
 .comment       0x00000000       0x2b c:/nxp/lpcxpresso_4.1.5_219/lpcxpresso/tools/bin/../lib/gcc/arm-none-eabi/4.5.1/../../../../arm-none-eabi/lib/armv6-m\libcr_c.a(_writebuf.o)
 .comment       0x00000000       0x2b c:/nxp/lpcxpresso_4.1.5_219/lpcxpresso/tools/bin/../lib/gcc/arm-none-eabi/4.5.1/../../../../arm-none-eabi/lib/armv6-m\libcr_c.a(alloc.o)
 .comment       0x00000000       0x2b c:/nxp/lpcxpresso_4.1.5_219/lpcxpresso/tools/bin/../lib/gcc/arm-none-eabi/4.5.1/../../../../arm-none-eabi/lib/armv6-m\libcr_c.a(fclose.o)
 .comment       0x00000000       0x2b c:/nxp/lpcxpresso_4.1.5_219/lpcxpresso/tools/bin/../lib/gcc/arm-none-eabi/4.5.1/../../../../arm-none-eabi/lib/armv6-m\libcr_c.a(fflush.o)
 .comment       0x00000000       0x2b c:/nxp/lpcxpresso_4.1.5_219/lpcxpresso/tools/bin/../lib/gcc/arm-none-eabi/4.5.1/../../../../arm-none-eabi/lib/armv6-m\libcr_c.a(fseek.o)
 .comment       0x00000000       0x2b c:/nxp/lpcxpresso_4.1.5_219/lpcxpresso/tools/bin/../lib/gcc/arm-none-eabi/4.5.1/../../../../arm-none-eabi/lib/armv6-m\libcr_c.a(ftell.o)
 .comment       0x00000000       0x2b c:/nxp/lpcxpresso_4.1.5_219/lpcxpresso/tools/bin/../lib/gcc/arm-none-eabi/4.5.1/../../../../arm-none-eabi/lib/armv6-m\libcr_c.a(remove.o)
 .comment       0x00000000       0x2b c:/nxp/lpcxpresso_4.1.5_219/lpcxpresso/tools/bin/../lib/gcc/arm-none-eabi/4.5.1/../../../../arm-none-eabi/lib/armv6-m\libcr_c.a(strlen.o)
 .comment       0x00000000       0x2b c:/nxp/lpcxpresso_4.1.5_219/lpcxpresso/tools/bin/../lib/gcc/arm-none-eabi/4.5.1/../../../../arm-none-eabi/lib/armv6-m\libcr_c.a(__init_alloc.o)
 .comment       0x00000000       0x2b c:/nxp/lpcxpresso_4.1.5_219/lpcxpresso/tools/bin/../lib/gcc/arm-none-eabi/4.5.1/../../../../arm-none-eabi/lib/armv6-m\libcr_c.a(_do_fflush.o)
 .comment       0x00000000       0x2b c:/nxp/lpcxpresso_4.1.5_219/lpcxpresso/tools/bin/../lib/gcc/arm-none-eabi/4.5.1/../../../../arm-none-eabi/lib/armv6-m\libcr_c.a(errno.o)
 .comment       0x00000000       0x2b c:/nxp/lpcxpresso_4.1.5_219/lpcxpresso/tools/bin/../lib/gcc/arm-none-eabi/4.5.1/armv6-m\libcr_eabihelpers.a(double.o)
 .comment       0x00000000       0x2b c:/nxp/lpcxpresso_4.1.5_219/lpcxpresso/tools/bin/../lib/gcc/arm-none-eabi/4.5.1/../../../../arm-none-eabi/lib/armv6-m\libcr_semihost.a(_cr_sbrk.o)
 .comment       0x00000000       0x2b c:/nxp/lpcxpresso_4.1.5_219/lpcxpresso/tools/bin/../lib/gcc/arm-none-eabi/4.5.1/../../../../arm-none-eabi/lib/armv6-m\libcr_semihost.a(_cr_check_heap.o)

.ARM.attributes
                0x00000000       0x31
 .ARM.attributes
                0x00000000       0x33 ./src/cr_startup_lpc11.o
 .ARM.attributes
                0x00000033       0x33 ./src/debug.o
 .ARM.attributes
                0x00000066       0x33 ./src/joystick.o
 .ARM.attributes
                0x00000099       0x33 ./src/lcd.o
 .ARM.attributes
                0x000000cc       0x33 ./src/main.o
 .ARM.attributes
                0x000000ff       0x33 ./freertos/src/croutine.o
 .ARM.attributes
                0x00000132       0x33 ./freertos/src/list.o
 .ARM.attributes
                0x00000165       0x33 ./freertos/src/queue.o
 .ARM.attributes
                0x00000198       0x33 ./freertos/src/tasks.o
 .ARM.attributes
                0x000001cb       0x33 ./freertos/port/memmang/heap_2.o
 .ARM.attributes
                0x000001fe       0x33 ./freertos/port/lpcxpresso/m0/port.o
 .ARM.attributes
                0x00000231       0x33 C:\Users\Ross\Dropbox\SEIS740\FreeRTOSDemo\CMSISv1p30_LPC11xx\Debug\libCMSISv1p30_LPC11xx.a(core_cm0.o)
 .ARM.attributes
                0x00000264       0x33 C:\Users\Ross\Dropbox\SEIS740\FreeRTOSDemo\CMSISv1p30_LPC11xx\Debug\libCMSISv1p30_LPC11xx.a(system_LPC11xx.o)
 .ARM.attributes
                0x00000297       0x33 C:\Users\Ross\Dropbox\SEIS740\FreeRTOSDemo\lib_small_printf_m0\Lib\liblib_small_printf_m0.a(small_printf_nofloat.o)
 .ARM.attributes
                0x000002ca       0x33 C:\Users\Ross\Dropbox\SEIS740\FreeRTOSDemo\lib_small_printf_m0\Lib\liblib_small_printf_m0.a(small_printf_support.o)
 .ARM.attributes
                0x000002fd       0x33 C:\Users\Ross\Dropbox\SEIS740\FreeRTOSDemo\lib_small_printf_m0\Lib\liblib_small_printf_m0.a(small_utils.o)
 .ARM.attributes
                0x00000330       0x23 c:/nxp/lpcxpresso_4.1.5_219/lpcxpresso/tools/bin/../lib/gcc/arm-none-eabi/4.5.1/../../../../arm-none-eabi/lib/armv6-m\libcr_semihost.a(__sys_write.o)
 .ARM.attributes
                0x00000353       0x33 c:/nxp/lpcxpresso_4.1.5_219/lpcxpresso/tools/bin/../lib/gcc/arm-none-eabi/4.5.1/../../../../arm-none-eabi/lib/armv6-m\libcr_semihost.a(_cr__main.o)
 .ARM.attributes
                0x00000386       0x33 c:/nxp/lpcxpresso_4.1.5_219/lpcxpresso/tools/bin/../lib/gcc/arm-none-eabi/4.5.1/../../../../arm-none-eabi/lib/armv6-m\libcr_c.a(initio.o)
 .ARM.attributes
                0x000003b9       0x33 c:/nxp/lpcxpresso_4.1.5_219/lpcxpresso/tools/bin/../lib/gcc/arm-none-eabi/4.5.1/../../../../arm-none-eabi/lib/armv6-m\libcr_c.a(memcmp.o)
 .ARM.attributes
                0x000003ec       0x33 c:/nxp/lpcxpresso_4.1.5_219/lpcxpresso/tools/bin/../lib/gcc/arm-none-eabi/4.5.1/../../../../arm-none-eabi/lib/armv6-m\libcr_c.a(setvbuf.o)
 .ARM.attributes
                0x0000041f       0x33 c:/nxp/lpcxpresso_4.1.5_219/lpcxpresso/tools/bin/../lib/gcc/arm-none-eabi/4.5.1/../../../../arm-none-eabi/lib/armv6-m\libcr_c.a(stdio.o)
 .ARM.attributes
                0x00000452       0x33 c:/nxp/lpcxpresso_4.1.5_219/lpcxpresso/tools/bin/../lib/gcc/arm-none-eabi/4.5.1/../../../../arm-none-eabi/lib/armv6-m\libcr_c.a(strncpy.o)
 .ARM.attributes
                0x00000485       0x33 c:/nxp/lpcxpresso_4.1.5_219/lpcxpresso/tools/bin/../lib/gcc/arm-none-eabi/4.5.1/../../../../arm-none-eabi/lib/armv6-m\libcr_c.a(memcpy.o)
 .ARM.attributes
                0x000004b8       0x33 c:/nxp/lpcxpresso_4.1.5_219/lpcxpresso/tools/bin/../lib/gcc/arm-none-eabi/4.5.1/../../../../arm-none-eabi/lib/armv6-m\libcr_c.a(memset.o)
 .ARM.attributes
                0x000004eb       0x33 c:/nxp/lpcxpresso_4.1.5_219/lpcxpresso/tools/bin/../lib/gcc/arm-none-eabi/4.5.1/../../../../arm-none-eabi/lib/armv6-m\libcr_c.a(__fillbuf.o)
 .ARM.attributes
                0x0000051e       0x33 c:/nxp/lpcxpresso_4.1.5_219/lpcxpresso/tools/bin/../lib/gcc/arm-none-eabi/4.5.1/../../../../arm-none-eabi/lib/armv6-m\libcr_c.a(_deferredlazyseek.o)
 .ARM.attributes
                0x00000551       0x33 c:/nxp/lpcxpresso_4.1.5_219/lpcxpresso/tools/bin/../lib/gcc/arm-none-eabi/4.5.1/../../../../arm-none-eabi/lib/armv6-m\libcr_c.a(_fdopen.o)
 .ARM.attributes
                0x00000584       0x33 c:/nxp/lpcxpresso_4.1.5_219/lpcxpresso/tools/bin/../lib/gcc/arm-none-eabi/4.5.1/../../../../arm-none-eabi/lib/armv6-m\libcr_c.a(_fflush.o)
 .ARM.attributes
                0x000005b7       0x33 c:/nxp/lpcxpresso_4.1.5_219/lpcxpresso/tools/bin/../lib/gcc/arm-none-eabi/4.5.1/../../../../arm-none-eabi/lib/armv6-m\libcr_c.a(_writebuf.o)
 .ARM.attributes
                0x000005ea       0x33 c:/nxp/lpcxpresso_4.1.5_219/lpcxpresso/tools/bin/../lib/gcc/arm-none-eabi/4.5.1/../../../../arm-none-eabi/lib/armv6-m\libcr_c.a(alloc.o)
 .ARM.attributes
                0x0000061d       0x33 c:/nxp/lpcxpresso_4.1.5_219/lpcxpresso/tools/bin/../lib/gcc/arm-none-eabi/4.5.1/../../../../arm-none-eabi/lib/armv6-m\libcr_c.a(fclose.o)
 .ARM.attributes
                0x00000650       0x33 c:/nxp/lpcxpresso_4.1.5_219/lpcxpresso/tools/bin/../lib/gcc/arm-none-eabi/4.5.1/../../../../arm-none-eabi/lib/armv6-m\libcr_c.a(fflush.o)
 .ARM.attributes
                0x00000683       0x33 c:/nxp/lpcxpresso_4.1.5_219/lpcxpresso/tools/bin/../lib/gcc/arm-none-eabi/4.5.1/../../../../arm-none-eabi/lib/armv6-m\libcr_c.a(fseek.o)
 .ARM.attributes
                0x000006b6       0x33 c:/nxp/lpcxpresso_4.1.5_219/lpcxpresso/tools/bin/../lib/gcc/arm-none-eabi/4.5.1/../../../../arm-none-eabi/lib/armv6-m\libcr_c.a(ftell.o)
 .ARM.attributes
                0x000006e9       0x33 c:/nxp/lpcxpresso_4.1.5_219/lpcxpresso/tools/bin/../lib/gcc/arm-none-eabi/4.5.1/../../../../arm-none-eabi/lib/armv6-m\libcr_c.a(remove.o)
 .ARM.attributes
                0x0000071c       0x33 c:/nxp/lpcxpresso_4.1.5_219/lpcxpresso/tools/bin/../lib/gcc/arm-none-eabi/4.5.1/../../../../arm-none-eabi/lib/armv6-m\libcr_c.a(strlen.o)
 .ARM.attributes
                0x0000074f       0x33 c:/nxp/lpcxpresso_4.1.5_219/lpcxpresso/tools/bin/../lib/gcc/arm-none-eabi/4.5.1/../../../../arm-none-eabi/lib/armv6-m\libcr_c.a(__init_alloc.o)
 .ARM.attributes
                0x00000782       0x33 c:/nxp/lpcxpresso_4.1.5_219/lpcxpresso/tools/bin/../lib/gcc/arm-none-eabi/4.5.1/../../../../arm-none-eabi/lib/armv6-m\libcr_c.a(_do_fflush.o)
 .ARM.attributes
                0x000007b5       0x33 c:/nxp/lpcxpresso_4.1.5_219/lpcxpresso/tools/bin/../lib/gcc/arm-none-eabi/4.5.1/../../../../arm-none-eabi/lib/armv6-m\libcr_c.a(errno.o)
 .ARM.attributes
                0x000007e8       0x23 c:/nxp/lpcxpresso_4.1.5_219/lpcxpresso/tools/bin/../lib/gcc/arm-none-eabi/4.5.1/armv6-m\libcr_eabihelpers.a(division.o)
 .ARM.attributes
                0x0000080b       0x33 c:/nxp/lpcxpresso_4.1.5_219/lpcxpresso/tools/bin/../lib/gcc/arm-none-eabi/4.5.1/armv6-m\libcr_eabihelpers.a(double.o)
 .ARM.attributes
                0x0000083e       0x23 c:/nxp/lpcxpresso_4.1.5_219/lpcxpresso/tools/bin/../lib/gcc/arm-none-eabi/4.5.1/armv6-m\libcr_eabihelpers.a(llong.o)
 .ARM.attributes
                0x00000861       0x23 c:/nxp/lpcxpresso_4.1.5_219/lpcxpresso/tools/bin/../lib/gcc/arm-none-eabi/4.5.1/armv6-m\libcr_eabihelpers.a(memcpy.o)
 .ARM.attributes
                0x00000884       0x23 c:/nxp/lpcxpresso_4.1.5_219/lpcxpresso/tools/bin/../lib/gcc/arm-none-eabi/4.5.1/../../../../arm-none-eabi/lib/armv6-m\libcr_semihost.a(__sys_appexit.o)
 .ARM.attributes
                0x000008a7       0x23 c:/nxp/lpcxpresso_4.1.5_219/lpcxpresso/tools/bin/../lib/gcc/arm-none-eabi/4.5.1/../../../../arm-none-eabi/lib/armv6-m\libcr_semihost.a(__sys_close.o)
 .ARM.attributes
                0x000008ca       0x23 c:/nxp/lpcxpresso_4.1.5_219/lpcxpresso/tools/bin/../lib/gcc/arm-none-eabi/4.5.1/../../../../arm-none-eabi/lib/armv6-m\libcr_semihost.a(__sys_flen.o)
 .ARM.attributes
                0x000008ed       0x23 c:/nxp/lpcxpresso_4.1.5_219/lpcxpresso/tools/bin/../lib/gcc/arm-none-eabi/4.5.1/../../../../arm-none-eabi/lib/armv6-m\libcr_semihost.a(__sys_istty.o)
 .ARM.attributes
                0x00000910       0x23 c:/nxp/lpcxpresso_4.1.5_219/lpcxpresso/tools/bin/../lib/gcc/arm-none-eabi/4.5.1/../../../../arm-none-eabi/lib/armv6-m\libcr_semihost.a(__sys_read.o)
 .ARM.attributes
                0x00000933       0x23 c:/nxp/lpcxpresso_4.1.5_219/lpcxpresso/tools/bin/../lib/gcc/arm-none-eabi/4.5.1/../../../../arm-none-eabi/lib/armv6-m\libcr_semihost.a(__sys_readc.o)
 .ARM.attributes
                0x00000956       0x23 c:/nxp/lpcxpresso_4.1.5_219/lpcxpresso/tools/bin/../lib/gcc/arm-none-eabi/4.5.1/../../../../arm-none-eabi/lib/armv6-m\libcr_semihost.a(__sys_remove.o)
 .ARM.attributes
                0x00000979       0x23 c:/nxp/lpcxpresso_4.1.5_219/lpcxpresso/tools/bin/../lib/gcc/arm-none-eabi/4.5.1/../../../../arm-none-eabi/lib/armv6-m\libcr_semihost.a(__sys_rename.o)
 .ARM.attributes
                0x0000099c       0x23 c:/nxp/lpcxpresso_4.1.5_219/lpcxpresso/tools/bin/../lib/gcc/arm-none-eabi/4.5.1/../../../../arm-none-eabi/lib/armv6-m\libcr_semihost.a(__sys_seek.o)
 .ARM.attributes
                0x000009bf       0x23 c:/nxp/lpcxpresso_4.1.5_219/lpcxpresso/tools/bin/../lib/gcc/arm-none-eabi/4.5.1/../../../../arm-none-eabi/lib/armv6-m\libcr_semihost.a(__sys_tmpnam.o)
 .ARM.attributes
                0x000009e2       0x33 c:/nxp/lpcxpresso_4.1.5_219/lpcxpresso/tools/bin/../lib/gcc/arm-none-eabi/4.5.1/../../../../arm-none-eabi/lib/armv6-m\libcr_semihost.a(_cr_sbrk.o)
 .ARM.attributes
                0x00000a15       0x33 c:/nxp/lpcxpresso_4.1.5_219/lpcxpresso/tools/bin/../lib/gcc/arm-none-eabi/4.5.1/../../../../arm-none-eabi/lib/armv6-m\libcr_semihost.a(_cr_check_heap.o)

.debug_frame    0x00000000      0xe4c
 .debug_frame   0x00000000       0x70 ./src/cr_startup_lpc11.o
 .debug_frame   0x00000070       0xa4 ./src/debug.o
 .debug_frame   0x00000114       0x4c ./src/joystick.o
 .debug_frame   0x00000160      0x140 ./src/lcd.o
 .debug_frame   0x000002a0      0x1a0 ./src/main.o
 .debug_frame   0x00000440       0x8c ./freertos/src/croutine.o
 .debug_frame   0x000004cc       0x70 ./freertos/src/list.o
 .debug_frame   0x0000053c      0x180 ./freertos/src/queue.o
 .debug_frame   0x000006bc      0x2a4 ./freertos/src/tasks.o
 .debug_frame   0x00000960       0x6c ./freertos/port/memmang/heap_2.o
 .debug_frame   0x000009cc      0x150 ./freertos/port/lpcxpresso/m0/port.o
 .debug_frame   0x00000b1c      0x130 C:\Users\Ross\Dropbox\SEIS740\FreeRTOSDemo\CMSISv1p30_LPC11xx\Debug\libCMSISv1p30_LPC11xx.a(core_cm0.o)
 .debug_frame   0x00000c4c       0x6c C:\Users\Ross\Dropbox\SEIS740\FreeRTOSDemo\CMSISv1p30_LPC11xx\Debug\libCMSISv1p30_LPC11xx.a(system_LPC11xx.o)
 .debug_frame   0x00000cb8       0x6c C:\Users\Ross\Dropbox\SEIS740\FreeRTOSDemo\lib_small_printf_m0\Lib\liblib_small_printf_m0.a(small_printf_nofloat.o)
 .debug_frame   0x00000d24       0x7c C:\Users\Ross\Dropbox\SEIS740\FreeRTOSDemo\lib_small_printf_m0\Lib\liblib_small_printf_m0.a(small_printf_support.o)
 .debug_frame   0x00000da0       0xac C:\Users\Ross\Dropbox\SEIS740\FreeRTOSDemo\lib_small_printf_m0\Lib\liblib_small_printf_m0.a(small_utils.o)
